2026-03-29T21:30:19.633+01:00  INFO 27405 --- [tp8-monitoring] [main] ActuatorEtPrometheusEtGrafanaApplication : Starting Tp16SupervisionEtJournalisationLoggingEtActuatorEtPrometheusEtGrafanaApplication using Java 25.0.2 with PID 27405 (/Users/amine/Desktop/TP 16  Supervision et Journalisation Logging et Actuator et Prometheus et Grafana/target/classes started by amine in /Users/amine/Desktop/TP 16  Supervision et Journalisation Logging et Actuator et Prometheus et Grafana)
2026-03-29T21:30:19.635+01:00  INFO 27405 --- [tp8-monitoring] [main] ActuatorEtPrometheusEtGrafanaApplication : No active profile set, falling back to 1 default profile: "default"
2026-03-29T21:30:20.014+01:00  INFO 27405 --- [tp8-monitoring] [main] o.s.boot.tomcat.TomcatWebServer          : Tomcat initialized with port 8081 (http)
2026-03-29T21:30:20.021+01:00  INFO 27405 --- [tp8-monitoring] [main] o.apache.catalina.core.StandardService   : Starting service [Tomcat]
2026-03-29T21:30:20.021+01:00  INFO 27405 --- [tp8-monitoring] [main] o.apache.catalina.core.StandardEngine    : Starting Servlet engine: [Apache Tomcat/11.0.20]
2026-03-29T21:30:20.039+01:00  INFO 27405 --- [tp8-monitoring] [main] b.w.c.s.WebApplicationContextInitializer : Root WebApplicationContext: initialization completed in 381 ms
2026-03-29T21:30:20.246+01:00  INFO 27405 --- [tp8-monitoring] [main] o.s.b.a.e.web.EndpointLinksResolver      : Exposing 14 endpoints beneath base path '/actuator'
2026-03-29T21:30:20.276+01:00  INFO 27405 --- [tp8-monitoring] [main] o.s.boot.tomcat.TomcatWebServer          : Tomcat started on port 8081 (http) with context path '/'
2026-03-29T21:30:20.280+01:00  INFO 27405 --- [tp8-monitoring] [main] ActuatorEtPrometheusEtGrafanaApplication : Started Tp16SupervisionEtJournalisationLoggingEtActuatorEtPrometheusEtGrafanaApplication in 0.815 seconds (process running for 0.967)
2026-03-29T21:31:01.267+01:00  INFO 27405 --- [tp8-monitoring] [http-nio-8081-exec-1] o.a.c.c.C.[Tomcat].[localhost].[/]       : Initializing Spring DispatcherServlet 'dispatcherServlet'
2026-03-29T21:31:01.268+01:00  INFO 27405 --- [tp8-monitoring] [http-nio-8081-exec-1] o.s.web.servlet.DispatcherServlet        : Initializing Servlet 'dispatcherServlet'
2026-03-29T21:31:01.279+01:00  INFO 27405 --- [tp8-monitoring] [http-nio-8081-exec-1] o.s.web.servlet.DispatcherServlet        : Completed initialization in 11 ms
2026-03-29T21:31:29.688+01:00  INFO 27405 --- [tp8-monitoring] [http-nio-8081-exec-3] m.fst.tp8monitoring.service.DemoService  : Démarrage du traitement des données
2026-03-29T21:31:30.111+01:00  INFO 27405 --- [tp8-monitoring] [http-nio-8081-exec-4] m.fst.tp8monitoring.service.DemoService  : Démarrage du traitement des données
2026-03-29T21:31:30.193+01:00  INFO 27405 --- [tp8-monitoring] [http-nio-8081-exec-3] m.fst.tp8monitoring.service.DemoService  : Traitement terminé avec succès
2026-03-29T21:31:30.614+01:00  INFO 27405 --- [tp8-monitoring] [http-nio-8081-exec-4] m.fst.tp8monitoring.service.DemoService  : Traitement terminé avec succès
2026-03-29T21:39:57.665+01:00  INFO 27405 --- [tp8-monitoring] [SpringApplicationShutdownHook] o.s.boot.tomcat.GracefulShutdown         : Commencing graceful shutdown. Waiting for active requests to complete
2026-03-29T21:39:57.674+01:00  INFO 27405 --- [tp8-monitoring] [tomcat-shutdown] o.s.boot.tomcat.GracefulShutdown         : Graceful shutdown complete
2026-03-29T21:40:01.745+01:00  INFO 28124 --- [tp8-monitoring] [main] ActuatorEtPrometheusEtGrafanaApplication : Starting Tp16SupervisionEtJournalisationLoggingEtActuatorEtPrometheusEtGrafanaApplication using Java 25.0.2 with PID 28124 (/Users/amine/Desktop/TP 16  Supervision et Journalisation Logging et Actuator et Prometheus et Grafana/target/classes started by amine in /Users/amine/Desktop/TP 16  Supervision et Journalisation Logging et Actuator et Prometheus et Grafana)
2026-03-29T21:40:01.746+01:00 DEBUG 28124 --- [tp8-monitoring] [main] ActuatorEtPrometheusEtGrafanaApplication : Running with Spring Boot v4.0.5, Spring v7.0.6
2026-03-29T21:40:01.747+01:00  INFO 28124 --- [tp8-monitoring] [main] ActuatorEtPrometheusEtGrafanaApplication : No active profile set, falling back to 1 default profile: "default"
2026-03-29T21:40:02.085+01:00  INFO 28124 --- [tp8-monitoring] [main] o.s.boot.tomcat.TomcatWebServer          : Tomcat initialized with port 8081 (http)
2026-03-29T21:40:02.090+01:00  INFO 28124 --- [tp8-monitoring] [main] o.apache.catalina.core.StandardService   : Starting service [Tomcat]
2026-03-29T21:40:02.090+01:00  INFO 28124 --- [tp8-monitoring] [main] o.apache.catalina.core.StandardEngine    : Starting Servlet engine: [Apache Tomcat/11.0.20]
2026-03-29T21:40:02.107+01:00  INFO 28124 --- [tp8-monitoring] [main] b.w.c.s.WebApplicationContextInitializer : Root WebApplicationContext: initialization completed in 338 ms
2026-03-29T21:40:02.311+01:00  INFO 28124 --- [tp8-monitoring] [main] o.s.b.a.e.web.EndpointLinksResolver      : Exposing 14 endpoints beneath base path '/actuator'
2026-03-29T21:40:02.338+01:00  INFO 28124 --- [tp8-monitoring] [main] o.s.boot.tomcat.TomcatWebServer          : Tomcat started on port 8081 (http) with context path '/'
2026-03-29T21:40:02.342+01:00  INFO 28124 --- [tp8-monitoring] [main] ActuatorEtPrometheusEtGrafanaApplication : Started Tp16SupervisionEtJournalisationLoggingEtActuatorEtPrometheusEtGrafanaApplication in 0.747 seconds (process running for 0.873)
2026-03-29T21:40:10.502+01:00  INFO 28124 --- [tp8-monitoring] [http-nio-8081-exec-1] o.a.c.c.C.[Tomcat].[localhost].[/]       : Initializing Spring DispatcherServlet 'dispatcherServlet'
2026-03-29T21:40:10.502+01:00  INFO 28124 --- [tp8-monitoring] [http-nio-8081-exec-1] o.s.web.servlet.DispatcherServlet        : Initializing Servlet 'dispatcherServlet'
2026-03-29T21:40:10.503+01:00  INFO 28124 --- [tp8-monitoring] [http-nio-8081-exec-1] o.s.web.servlet.DispatcherServlet        : Completed initialization in 1 ms
2026-03-29T21:41:07.537+01:00  INFO 28124 --- [tp8-monitoring] [http-nio-8081-exec-4] m.fst.tp8monitoring.service.DemoService  : Démarrage du traitement des données
2026-03-29T21:41:07.638+01:00  INFO 28124 --- [tp8-monitoring] [http-nio-8081-exec-5] m.fst.tp8monitoring.service.DemoService  : Démarrage du traitement des données
2026-03-29T21:41:08.044+01:00  INFO 28124 --- [tp8-monitoring] [http-nio-8081-exec-4] m.fst.tp8monitoring.service.DemoService  : Traitement terminé avec succès
2026-03-29T21:41:08.140+01:00  INFO 28124 --- [tp8-monitoring] [http-nio-8081-exec-5] m.fst.tp8monitoring.service.DemoService  : Traitement terminé avec succès
2026-03-29T22:00:36.936+01:00  INFO 28124 --- [tp8-monitoring] [http-nio-8081-exec-1] m.fst.tp8monitoring.service.DemoService  : Démarrage du traitement des données
2026-03-29T22:00:37.003+01:00  INFO 28124 --- [tp8-monitoring] [http-nio-8081-exec-3] m.fst.tp8monitoring.service.DemoService  : Démarrage du traitement des données
2026-03-29T22:00:37.442+01:00  INFO 28124 --- [tp8-monitoring] [http-nio-8081-exec-1] m.fst.tp8monitoring.service.DemoService  : Traitement terminé avec succès
2026-03-29T22:00:37.509+01:00  INFO 28124 --- [tp8-monitoring] [http-nio-8081-exec-3] m.fst.tp8monitoring.service.DemoService  : Traitement terminé avec succès
2026-03-29T22:00:41.607+01:00  INFO 28124 --- [tp8-monitoring] [http-nio-8081-exec-4] m.fst.tp8monitoring.service.DemoService  : Démarrage du traitement des données
2026-03-29T22:00:42.109+01:00  INFO 28124 --- [tp8-monitoring] [http-nio-8081-exec-4] m.fst.tp8monitoring.service.DemoService  : Traitement terminé avec succès
2026-03-29T22:00:45.005+01:00  INFO 28124 --- [tp8-monitoring] [http-nio-8081-exec-5] m.fst.tp8monitoring.service.DemoService  : Démarrage du traitement des données
2026-03-29T22:00:45.510+01:00  INFO 28124 --- [tp8-monitoring] [http-nio-8081-exec-5] m.fst.tp8monitoring.service.DemoService  : Traitement terminé avec succès
2026-03-29T22:00:47.634+01:00  INFO 28124 --- [tp8-monitoring] [http-nio-8081-exec-6] m.fst.tp8monitoring.service.DemoService  : Démarrage du traitement des données
2026-03-29T22:00:48.136+01:00  INFO 28124 --- [tp8-monitoring] [http-nio-8081-exec-6] m.fst.tp8monitoring.service.DemoService  : Traitement terminé avec succès
2026-03-29T22:00:49.317+01:00  INFO 28124 --- [tp8-monitoring] [http-nio-8081-exec-7] m.fst.tp8monitoring.service.DemoService  : Démarrage du traitement des données
2026-03-29T22:00:49.821+01:00  INFO 28124 --- [tp8-monitoring] [http-nio-8081-exec-7] m.fst.tp8monitoring.service.DemoService  : Traitement terminé avec succès
2026-03-29T22:00:51.339+01:00  INFO 28124 --- [tp8-monitoring] [http-nio-8081-exec-8] m.fst.tp8monitoring.service.DemoService  : Démarrage du traitement des données
2026-03-29T22:00:51.845+01:00  INFO 28124 --- [tp8-monitoring] [http-nio-8081-exec-8] m.fst.tp8monitoring.service.DemoService  : Traitement terminé avec succès
2026-03-29T22:00:53.406+01:00  INFO 28124 --- [tp8-monitoring] [http-nio-8081-exec-9] m.fst.tp8monitoring.service.DemoService  : Démarrage du traitement des données
2026-03-29T22:00:53.912+01:00  INFO 28124 --- [tp8-monitoring] [http-nio-8081-exec-9] m.fst.tp8monitoring.service.DemoService  : Traitement terminé avec succès
2026-03-29T22:00:55.108+01:00  INFO 28124 --- [tp8-monitoring] [http-nio-8081-exec-10] m.fst.tp8monitoring.service.DemoService  : Démarrage du traitement des données
2026-03-29T22:00:55.613+01:00  INFO 28124 --- [tp8-monitoring] [http-nio-8081-exec-10] m.fst.tp8monitoring.service.DemoService  : Traitement terminé avec succès
2026-03-29T22:00:56.921+01:00  INFO 28124 --- [tp8-monitoring] [http-nio-8081-exec-2] m.fst.tp8monitoring.service.DemoService  : Démarrage du traitement des données
2026-03-29T22:00:57.019+01:00  INFO 28124 --- [tp8-monitoring] [http-nio-8081-exec-1] m.fst.tp8monitoring.service.DemoService  : Démarrage du traitement des données
2026-03-29T22:00:57.425+01:00  INFO 28124 --- [tp8-monitoring] [http-nio-8081-exec-2] m.fst.tp8monitoring.service.DemoService  : Traitement terminé avec succès
2026-03-29T22:00:57.525+01:00  INFO 28124 --- [tp8-monitoring] [http-nio-8081-exec-1] m.fst.tp8monitoring.service.DemoService  : Traitement terminé avec succès
2026-03-29T22:00:58.858+01:00  INFO 28124 --- [tp8-monitoring] [http-nio-8081-exec-3] m.fst.tp8monitoring.service.DemoService  : Démarrage du traitement des données
2026-03-29T22:00:59.362+01:00  INFO 28124 --- [tp8-monitoring] [http-nio-8081-exec-3] m.fst.tp8monitoring.service.DemoService  : Traitement terminé avec succès
2026-03-29T22:01:00.689+01:00  INFO 28124 --- [tp8-monitoring] [http-nio-8081-exec-4] m.fst.tp8monitoring.service.DemoService  : Démarrage du traitement des données
2026-03-29T22:01:00.775+01:00  INFO 28124 --- [tp8-monitoring] [http-nio-8081-exec-5] m.fst.tp8monitoring.service.DemoService  : Démarrage du traitement des données
2026-03-29T22:01:01.194+01:00  INFO 28124 --- [tp8-monitoring] [http-nio-8081-exec-4] m.fst.tp8monitoring.service.DemoService  : Traitement terminé avec succès
2026-03-29T22:01:01.281+01:00  INFO 28124 --- [tp8-monitoring] [http-nio-8081-exec-5] m.fst.tp8monitoring.service.DemoService  : Traitement terminé avec succès
2026-03-29T22:04:56.611+01:00  INFO 28124 --- [tp8-monitoring] [http-nio-8081-exec-7] m.fst.tp8monitoring.service.DemoService  : Démarrage du traitement des données
2026-03-29T22:04:56.651+01:00  INFO 28124 --- [tp8-monitoring] [http-nio-8081-exec-8] m.fst.tp8monitoring.service.DemoService  : Démarrage du traitement des données
2026-03-29T22:04:57.118+01:00  INFO 28124 --- [tp8-monitoring] [http-nio-8081-exec-7] m.fst.tp8monitoring.service.DemoService  : Traitement terminé avec succès
2026-03-29T22:04:57.155+01:00  INFO 28124 --- [tp8-monitoring] [http-nio-8081-exec-8] m.fst.tp8monitoring.service.DemoService  : Traitement terminé avec succès
2026-03-29T22:04:58.416+01:00  INFO 28124 --- [tp8-monitoring] [http-nio-8081-exec-9] m.fst.tp8monitoring.service.DemoService  : Démarrage du traitement des données
2026-03-29T22:04:58.918+01:00  INFO 28124 --- [tp8-monitoring] [http-nio-8081-exec-9] m.fst.tp8monitoring.service.DemoService  : Traitement terminé avec succès
2026-03-29T22:05:00.069+01:00  INFO 28124 --- [tp8-monitoring] [http-nio-8081-exec-10] m.fst.tp8monitoring.service.DemoService  : Démarrage du traitement des données
2026-03-29T22:05:00.572+01:00  INFO 28124 --- [tp8-monitoring] [http-nio-8081-exec-10] m.fst.tp8monitoring.service.DemoService  : Traitement terminé avec succès
2026-03-29T22:05:01.448+01:00  INFO 28124 --- [tp8-monitoring] [http-nio-8081-exec-2] m.fst.tp8monitoring.service.DemoService  : Démarrage du traitement des données
2026-03-29T22:05:01.953+01:00  INFO 28124 --- [tp8-monitoring] [http-nio-8081-exec-2] m.fst.tp8monitoring.service.DemoService  : Traitement terminé avec succès
2026-03-29T22:05:02.710+01:00  INFO 28124 --- [tp8-monitoring] [http-nio-8081-exec-1] m.fst.tp8monitoring.service.DemoService  : Démarrage du traitement des données
2026-03-29T22:05:03.215+01:00  INFO 28124 --- [tp8-monitoring] [http-nio-8081-exec-1] m.fst.tp8monitoring.service.DemoService  : Traitement terminé avec succès
2026-03-29T22:05:04.200+01:00  INFO 28124 --- [tp8-monitoring] [http-nio-8081-exec-3] m.fst.tp8monitoring.service.DemoService  : Démarrage du traitement des données
2026-03-29T22:05:04.705+01:00  INFO 28124 --- [tp8-monitoring] [http-nio-8081-exec-3] m.fst.tp8monitoring.service.DemoService  : Traitement terminé avec succès
2026-03-29T22:05:05.324+01:00  INFO 28124 --- [tp8-monitoring] [http-nio-8081-exec-4] m.fst.tp8monitoring.service.DemoService  : Démarrage du traitement des données
2026-03-29T22:05:05.828+01:00  INFO 28124 --- [tp8-monitoring] [http-nio-8081-exec-4] m.fst.tp8monitoring.service.DemoService  : Traitement terminé avec succès
2026-03-29T22:05:06.705+01:00  INFO 28124 --- [tp8-monitoring] [http-nio-8081-exec-5] m.fst.tp8monitoring.service.DemoService  : Démarrage du traitement des données
2026-03-29T22:05:07.210+01:00  INFO 28124 --- [tp8-monitoring] [http-nio-8081-exec-5] m.fst.tp8monitoring.service.DemoService  : Traitement terminé avec succès
2026-03-29T22:05:08.454+01:00  INFO 28124 --- [tp8-monitoring] [http-nio-8081-exec-6] m.fst.tp8monitoring.service.DemoService  : Démarrage du traitement des données
2026-03-29T22:05:08.960+01:00  INFO 28124 --- [tp8-monitoring] [http-nio-8081-exec-6] m.fst.tp8monitoring.service.DemoService  : Traitement terminé avec succès
2026-03-29T22:05:10.799+01:00  INFO 28124 --- [tp8-monitoring] [http-nio-8081-exec-7] m.fst.tp8monitoring.service.DemoService  : Démarrage du traitement des données
2026-03-29T22:05:11.303+01:00  INFO 28124 --- [tp8-monitoring] [http-nio-8081-exec-7] m.fst.tp8monitoring.service.DemoService  : Traitement terminé avec succès
2026-03-29T22:05:12.723+01:00  INFO 28124 --- [tp8-monitoring] [http-nio-8081-exec-8] m.fst.tp8monitoring.service.DemoService  : Démarrage du traitement des données
2026-03-29T22:05:13.227+01:00  INFO 28124 --- [tp8-monitoring] [http-nio-8081-exec-8] m.fst.tp8monitoring.service.DemoService  : Traitement terminé avec succès
2026-03-29T22:05:15.776+01:00  INFO 28124 --- [tp8-monitoring] [http-nio-8081-exec-9] m.fst.tp8monitoring.service.DemoService  : Démarrage du traitement des données
2026-03-29T22:05:16.280+01:00  INFO 28124 --- [tp8-monitoring] [http-nio-8081-exec-9] m.fst.tp8monitoring.service.DemoService  : Traitement terminé avec succès
2026-03-29T22:05:19.954+01:00  INFO 28124 --- [tp8-monitoring] [http-nio-8081-exec-10] m.fst.tp8monitoring.service.DemoService  : Démarrage du traitement des données
2026-03-29T22:05:20.459+01:00  INFO 28124 --- [tp8-monitoring] [http-nio-8081-exec-10] m.fst.tp8monitoring.service.DemoService  : Traitement terminé avec succès
2026-03-29T22:05:22.640+01:00  INFO 28124 --- [tp8-monitoring] [http-nio-8081-exec-2] m.fst.tp8monitoring.service.DemoService  : Démarrage du traitement des données
2026-03-29T22:05:23.145+01:00  INFO 28124 --- [tp8-monitoring] [http-nio-8081-exec-2] m.fst.tp8monitoring.service.DemoService  : Traitement terminé avec succès
2026-03-29T22:05:24.957+01:00  INFO 28124 --- [tp8-monitoring] [http-nio-8081-exec-1] m.fst.tp8monitoring.service.DemoService  : Démarrage du traitement des données
2026-03-29T22:05:25.459+01:00  INFO 28124 --- [tp8-monitoring] [http-nio-8081-exec-1] m.fst.tp8monitoring.service.DemoService  : Traitement terminé avec succès
2026-03-29T22:05:26.900+01:00  INFO 28124 --- [tp8-monitoring] [http-nio-8081-exec-3] m.fst.tp8monitoring.service.DemoService  : Démarrage du traitement des données
2026-03-29T22:05:27.402+01:00  INFO 28124 --- [tp8-monitoring] [http-nio-8081-exec-3] m.fst.tp8monitoring.service.DemoService  : Traitement terminé avec succès
2026-03-29T22:17:55.542+01:00  INFO 28124 --- [tp8-monitoring] [http-nio-8081-exec-8] m.fst.tp8monitoring.service.DemoService  : Démarrage du traitement des données
2026-03-29T22:17:56.045+01:00  INFO 28124 --- [tp8-monitoring] [http-nio-8081-exec-8] m.fst.tp8monitoring.service.DemoService  : Traitement terminé avec succès
2026-03-29T22:17:56.189+01:00  INFO 28124 --- [tp8-monitoring] [http-nio-8081-exec-9] m.fst.tp8monitoring.service.DemoService  : Démarrage du traitement des données
2026-03-29T22:17:56.693+01:00  INFO 28124 --- [tp8-monitoring] [http-nio-8081-exec-9] m.fst.tp8monitoring.service.DemoService  : Traitement terminé avec succès
2026-03-29T22:17:57.832+01:00  INFO 28124 --- [tp8-monitoring] [http-nio-8081-exec-2] m.fst.tp8monitoring.service.DemoService  : Démarrage du traitement des données
2026-03-29T22:17:58.336+01:00  INFO 28124 --- [tp8-monitoring] [http-nio-8081-exec-2] m.fst.tp8monitoring.service.DemoService  : Traitement terminé avec succès
2026-03-29T22:17:59.578+01:00  INFO 28124 --- [tp8-monitoring] [http-nio-8081-exec-1] m.fst.tp8monitoring.service.DemoService  : Démarrage du traitement des données
2026-03-29T22:18:00.083+01:00  INFO 28124 --- [tp8-monitoring] [http-nio-8081-exec-1] m.fst.tp8monitoring.service.DemoService  : Traitement terminé avec succès
2026-03-29T22:18:01.718+01:00  INFO 28124 --- [tp8-monitoring] [http-nio-8081-exec-4] m.fst.tp8monitoring.service.DemoService  : Démarrage du traitement des données
2026-03-29T22:18:02.223+01:00  INFO 28124 --- [tp8-monitoring] [http-nio-8081-exec-4] m.fst.tp8monitoring.service.DemoService  : Traitement terminé avec succès
2026-03-29T22:18:03.041+01:00  INFO 28124 --- [tp8-monitoring] [http-nio-8081-exec-5] m.fst.tp8monitoring.service.DemoService  : Démarrage du traitement des données
2026-03-29T22:18:03.544+01:00  INFO 28124 --- [tp8-monitoring] [http-nio-8081-exec-5] m.fst.tp8monitoring.service.DemoService  : Traitement terminé avec succès
2026-03-29T22:18:04.619+01:00  INFO 28124 --- [tp8-monitoring] [http-nio-8081-exec-6] m.fst.tp8monitoring.service.DemoService  : Démarrage du traitement des données
2026-03-29T22:18:05.121+01:00  INFO 28124 --- [tp8-monitoring] [http-nio-8081-exec-6] m.fst.tp8monitoring.service.DemoService  : Traitement terminé avec succès
2026-03-29T22:18:05.932+01:00  INFO 28124 --- [tp8-monitoring] [http-nio-8081-exec-7] m.fst.tp8monitoring.service.DemoService  : Démarrage du traitement des données
2026-03-29T22:18:06.436+01:00  INFO 28124 --- [tp8-monitoring] [http-nio-8081-exec-7] m.fst.tp8monitoring.service.DemoService  : Traitement terminé avec succès
2026-03-29T22:18:07.310+01:00  INFO 28124 --- [tp8-monitoring] [http-nio-8081-exec-10] m.fst.tp8monitoring.service.DemoService  : Démarrage du traitement des données
2026-03-29T22:18:07.814+01:00  INFO 28124 --- [tp8-monitoring] [http-nio-8081-exec-10] m.fst.tp8monitoring.service.DemoService  : Traitement terminé avec succès
2026-03-29T22:18:08.542+01:00  INFO 28124 --- [tp8-monitoring] [http-nio-8081-exec-9] m.fst.tp8monitoring.service.DemoService  : Démarrage du traitement des données
2026-03-29T22:18:09.047+01:00  INFO 28124 --- [tp8-monitoring] [http-nio-8081-exec-9] m.fst.tp8monitoring.service.DemoService  : Traitement terminé avec succès
2026-03-29T22:50:04.463+01:00  INFO 28124 --- [tp8-monitoring] [http-nio-8081-exec-5] m.fst.tp8monitoring.service.DemoService  : Démarrage du traitement des données
2026-03-29T22:50:04.970+01:00  INFO 28124 --- [tp8-monitoring] [http-nio-8081-exec-5] m.fst.tp8monitoring.service.DemoService  : Traitement terminé avec succès
2026-03-29T22:50:06.789+01:00  INFO 28124 --- [tp8-monitoring] [http-nio-8081-exec-7] m.fst.tp8monitoring.service.DemoService  : Démarrage du traitement des données
2026-03-29T22:50:07.292+01:00  INFO 28124 --- [tp8-monitoring] [http-nio-8081-exec-7] m.fst.tp8monitoring.service.DemoService  : Traitement terminé avec succès
2026-03-29T22:50:07.801+01:00  INFO 28124 --- [tp8-monitoring] [http-nio-8081-exec-8] m.fst.tp8monitoring.service.DemoService  : Démarrage du traitement des données
2026-03-29T22:50:08.307+01:00  INFO 28124 --- [tp8-monitoring] [http-nio-8081-exec-8] m.fst.tp8monitoring.service.DemoService  : Traitement terminé avec succès
2026-03-29T22:50:08.493+01:00  INFO 28124 --- [tp8-monitoring] [http-nio-8081-exec-10] m.fst.tp8monitoring.service.DemoService  : Démarrage du traitement des données
2026-03-29T22:50:08.994+01:00  INFO 28124 --- [tp8-monitoring] [http-nio-8081-exec-10] m.fst.tp8monitoring.service.DemoService  : Traitement terminé avec succès
2026-03-29T22:50:09.034+01:00  INFO 28124 --- [tp8-monitoring] [http-nio-8081-exec-9] m.fst.tp8monitoring.service.DemoService  : Démarrage du traitement des données
2026-03-29T22:50:09.437+01:00  INFO 28124 --- [tp8-monitoring] [http-nio-8081-exec-2] m.fst.tp8monitoring.service.DemoService  : Démarrage du traitement des données
2026-03-29T22:50:09.535+01:00  INFO 28124 --- [tp8-monitoring] [http-nio-8081-exec-9] m.fst.tp8monitoring.service.DemoService  : Traitement terminé avec succès
2026-03-29T22:50:09.838+01:00  INFO 28124 --- [tp8-monitoring] [http-nio-8081-exec-1] m.fst.tp8monitoring.service.DemoService  : Démarrage du traitement des données
2026-03-29T22:50:09.942+01:00  INFO 28124 --- [tp8-monitoring] [http-nio-8081-exec-2] m.fst.tp8monitoring.service.DemoService  : Traitement terminé avec succès
2026-03-29T22:50:10.190+01:00  INFO 28124 --- [tp8-monitoring] [http-nio-8081-exec-3] m.fst.tp8monitoring.service.DemoService  : Démarrage du traitement des données
2026-03-29T22:50:10.343+01:00  INFO 28124 --- [tp8-monitoring] [http-nio-8081-exec-1] m.fst.tp8monitoring.service.DemoService  : Traitement terminé avec succès
2026-03-29T22:50:10.691+01:00  INFO 28124 --- [tp8-monitoring] [http-nio-8081-exec-3] m.fst.tp8monitoring.service.DemoService  : Traitement terminé avec succès
2026-03-29T22:50:10.966+01:00  INFO 28124 --- [tp8-monitoring] [http-nio-8081-exec-4] m.fst.tp8monitoring.service.DemoService  : Démarrage du traitement des données
2026-03-29T22:50:11.412+01:00  INFO 28124 --- [tp8-monitoring] [http-nio-8081-exec-5] m.fst.tp8monitoring.service.DemoService  : Démarrage du traitement des données
2026-03-29T22:50:11.471+01:00  INFO 28124 --- [tp8-monitoring] [http-nio-8081-exec-4] m.fst.tp8monitoring.service.DemoService  : Traitement terminé avec succès
2026-03-29T22:50:11.786+01:00  INFO 28124 --- [tp8-monitoring] [http-nio-8081-exec-7] m.fst.tp8monitoring.service.DemoService  : Démarrage du traitement des données
2026-03-29T22:50:11.916+01:00  INFO 28124 --- [tp8-monitoring] [http-nio-8081-exec-5] m.fst.tp8monitoring.service.DemoService  : Traitement terminé avec succès
2026-03-29T22:50:12.144+01:00  INFO 28124 --- [tp8-monitoring] [http-nio-8081-exec-8] m.fst.tp8monitoring.service.DemoService  : Démarrage du traitement des données
2026-03-29T22:50:12.292+01:00  INFO 28124 --- [tp8-monitoring] [http-nio-8081-exec-7] m.fst.tp8monitoring.service.DemoService  : Traitement terminé avec succès
2026-03-29T22:50:12.578+01:00  INFO 28124 --- [tp8-monitoring] [http-nio-8081-exec-10] m.fst.tp8monitoring.service.DemoService  : Démarrage du traitement des données
2026-03-29T22:50:12.650+01:00  INFO 28124 --- [tp8-monitoring] [http-nio-8081-exec-8] m.fst.tp8monitoring.service.DemoService  : Traitement terminé avec succès
2026-03-29T22:50:12.923+01:00  INFO 28124 --- [tp8-monitoring] [http-nio-8081-exec-9] m.fst.tp8monitoring.service.DemoService  : Démarrage du traitement des données
2026-03-29T22:50:13.081+01:00  INFO 28124 --- [tp8-monitoring] [http-nio-8081-exec-10] m.fst.tp8monitoring.service.DemoService  : Traitement terminé avec succès
2026-03-29T22:50:13.296+01:00  INFO 28124 --- [tp8-monitoring] [http-nio-8081-exec-2] m.fst.tp8monitoring.service.DemoService  : Démarrage du traitement des données
2026-03-29T22:50:13.427+01:00  INFO 28124 --- [tp8-monitoring] [http-nio-8081-exec-9] m.fst.tp8monitoring.service.DemoService  : Traitement terminé avec succès
2026-03-29T22:50:13.612+01:00  INFO 28124 --- [tp8-monitoring] [http-nio-8081-exec-1] m.fst.tp8monitoring.service.DemoService  : Démarrage du traitement des données
2026-03-29T22:50:13.800+01:00  INFO 28124 --- [tp8-monitoring] [http-nio-8081-exec-2] m.fst.tp8monitoring.service.DemoService  : Traitement terminé avec succès
2026-03-29T22:50:13.940+01:00  INFO 28124 --- [tp8-monitoring] [http-nio-8081-exec-3] m.fst.tp8monitoring.service.DemoService  : Démarrage du traitement des données
2026-03-29T22:50:14.118+01:00  INFO 28124 --- [tp8-monitoring] [http-nio-8081-exec-1] m.fst.tp8monitoring.service.DemoService  : Traitement terminé avec succès
2026-03-29T22:50:14.257+01:00  INFO 28124 --- [tp8-monitoring] [http-nio-8081-exec-4] m.fst.tp8monitoring.service.DemoService  : Démarrage du traitement des données
2026-03-29T22:50:14.446+01:00  INFO 28124 --- [tp8-monitoring] [http-nio-8081-exec-3] m.fst.tp8monitoring.service.DemoService  : Traitement terminé avec succès
2026-03-29T22:50:14.592+01:00  INFO 28124 --- [tp8-monitoring] [http-nio-8081-exec-6] m.fst.tp8monitoring.service.DemoService  : Démarrage du traitement des données
2026-03-29T22:50:14.763+01:00  INFO 28124 --- [tp8-monitoring] [http-nio-8081-exec-4] m.fst.tp8monitoring.service.DemoService  : Traitement terminé avec succès
2026-03-29T22:50:14.968+01:00  INFO 28124 --- [tp8-monitoring] [http-nio-8081-exec-5] m.fst.tp8monitoring.service.DemoService  : Démarrage du traitement des données
2026-03-29T22:50:15.097+01:00  INFO 28124 --- [tp8-monitoring] [http-nio-8081-exec-6] m.fst.tp8monitoring.service.DemoService  : Traitement terminé avec succès
2026-03-29T22:50:15.309+01:00  INFO 28124 --- [tp8-monitoring] [http-nio-8081-exec-7] m.fst.tp8monitoring.service.DemoService  : Démarrage du traitement des données
2026-03-29T22:50:15.473+01:00  INFO 28124 --- [tp8-monitoring] [http-nio-8081-exec-5] m.fst.tp8monitoring.service.DemoService  : Traitement terminé avec succès
2026-03-29T22:50:15.811+01:00  INFO 28124 --- [tp8-monitoring] [http-nio-8081-exec-7] m.fst.tp8monitoring.service.DemoService  : Traitement terminé avec succès
2026-03-29T23:04:10.032+01:00  INFO 28124 --- [tp8-monitoring] [SpringApplicationShutdownHook] o.s.boot.tomcat.GracefulShutdown         : Commencing graceful shutdown. Waiting for active requests to complete
2026-03-29T23:04:10.049+01:00  INFO 28124 --- [tp8-monitoring] [tomcat-shutdown] o.s.boot.tomcat.GracefulShutdown         : Graceful shutdown complete
